// Jest Snapshot v1, https://goo.gl/fbAQLP

exports[`client-side rendering should render correctly 1`] = `"<form><label for=\\"id-client-0\\">Full Name</label><input id=\\"id-client-0\\" type=\\"text\\"><label for=\\"id-client-1\\">Email Address</label><input id=\\"id-client-1\\" type=\\"email\\"></form>"`;
