// Jest Snapshot v1, https://goo.gl/fbAQLP

exports[`client-side rendering should render correctly 1`] = `"<form><label for=\\"id-client-0\\">Full Name</label><input type=\\"text\\" id=\\"id-client-0\\"><label for=\\"id-client-1\\">Email Address</label><input type=\\"email\\" id=\\"id-client-1\\"></form>"`;
