// Jest Snapshot v1, https://goo.gl/fbAQLP

exports[`server-side rendering should render correctly 1`] = `"<form data-reactroot=\\"\\"><label for=\\"id-server-0\\">Full Name</label><input type=\\"text\\" id=\\"id-server-0\\" data-ssr=\\"true\\"/><label for=\\"id-server-1\\">Email Address</label><input type=\\"email\\" id=\\"id-server-1\\" data-ssr=\\"true\\"/></form>"`;
